ninja: Entering directory `./build/'
[1/21] cd /home/jaggernaute/CLionProjects/powa_bonk/build/test && /usr/bin/cmake -E cmake_autogen /home/jaggernaute/CLionProjects/powa_bonk/build/test/CMakeFiles/connection_tests_autogen.dir/AutogenInfo.json Debug && /usr/bin/cmake -E touch /home/jaggernaute/CLionProjects/powa_bonk/build/test/connection_tests_autogen/timestamp && /usr/bin/cmake -E cmake_transform_depfile Ninja gccdepfile /home/jaggernaute/CLionProjects/powa_bonk /home/jaggernaute/CLionProjects/powa_bonk/test /home/jaggernaute/CLionProjects/powa_bonk/build /home/jaggernaute/CLionProjects/powa_bonk/build/test /home/jaggernaute/CLionProjects/powa_bonk/build/test/connection_tests_autogen/deps /home/jaggernaute/CLionProjects/powa_bonk/build/CMakeFiles/d/bac0e93ae3021d8add7a02263e144795afed88a5435ab571a25de2c4075213cc.d
[2/21] cd /home/jaggernaute/CLionProjects/powa_bonk/build/test && /usr/bin/cmake -E cmake_autorcc /home/jaggernaute/CLionProjects/powa_bonk/build/test/CMakeFiles/connection_tests_autogen.dir/AutoRcc_resources_7BV4YJK25R_Info.json Debug
[3/21] cd /home/jaggernaute/CLionProjects/powa_bonk/build && /usr/bin/cmake -E cmake_autogen /home/jaggernaute/CLionProjects/powa_bonk/build/CMakeFiles/powa_bonk_autogen.dir/AutogenInfo.json Debug && /usr/bin/cmake -E touch /home/jaggernaute/CLionProjects/powa_bonk/build/powa_bonk_autogen/timestamp && /usr/bin/cmake -E cmake_transform_depfile Ninja gccdepfile /home/jaggernaute/CLionProjects/powa_bonk /home/jaggernaute/CLionProjects/powa_bonk /home/jaggernaute/CLionProjects/powa_bonk/build /home/jaggernaute/CLionProjects/powa_bonk/build /home/jaggernaute/CLionProjects/powa_bonk/build/powa_bonk_autogen/deps /home/jaggernaute/CLionProjects/powa_bonk/build/CMakeFiles/d/1f298903814388d0f701a3916be1f2a2367e1412fbdff79ccfa95278fd62b360.d
[4/21] cd /home/jaggernaute/CLionProjects/powa_bonk/build/test && /usr/bin/cmake -E cmake_autogen /home/jaggernaute/CLionProjects/powa_bonk/build/test/CMakeFiles/sql_tests_autogen.dir/AutogenInfo.json Debug && /usr/bin/cmake -E touch /home/jaggernaute/CLionProjects/powa_bonk/build/test/sql_tests_autogen/timestamp && /usr/bin/cmake -E cmake_transform_depfile Ninja gccdepfile /home/jaggernaute/CLionProjects/powa_bonk /home/jaggernaute/CLionProjects/powa_bonk/test /home/jaggernaute/CLionProjects/powa_bonk/build /home/jaggernaute/CLionProjects/powa_bonk/build/test /home/jaggernaute/CLionProjects/powa_bonk/build/test/sql_tests_autogen/deps /home/jaggernaute/CLionProjects/powa_bonk/build/CMakeFiles/d/cff119b0b24f5ea41c479bb357a8974f4fe21866ea68509490d18c44bd6adaaa.d
[5/21] cd /home/jaggernaute/CLionProjects/powa_bonk/build/test && /usr/bin/cmake -E cmake_autogen /home/jaggernaute/CLionProjects/powa_bonk/build/test/CMakeFiles/hash_tests_autogen.dir/AutogenInfo.json Debug && /usr/bin/cmake -E touch /home/jaggernaute/CLionProjects/powa_bonk/build/test/hash_tests_autogen/timestamp && /usr/bin/cmake -E cmake_transform_depfile Ninja gccdepfile /home/jaggernaute/CLionProjects/powa_bonk /home/jaggernaute/CLionProjects/powa_bonk/test /home/jaggernaute/CLionProjects/powa_bonk/build /home/jaggernaute/CLionProjects/powa_bonk/build/test /home/jaggernaute/CLionProjects/powa_bonk/build/test/hash_tests_autogen/deps /home/jaggernaute/CLionProjects/powa_bonk/build/CMakeFiles/d/9b0b8e8f2ced7b9c5bd52b4c08fc5ee791a8715420afcb506d51b926725bb5b2.d
[6/21] cd /home/jaggernaute/CLionProjects/powa_bonk/build && /usr/bin/cmake -E cmake_autorcc /home/jaggernaute/CLionProjects/powa_bonk/build/CMakeFiles/powa_bonk_autogen.dir/AutoRcc_resources_3YJK5W5UP7_Info.json Debug
[7/21] cd /home/jaggernaute/CLionProjects/powa_bonk/build/test && /usr/bin/cmake -E cmake_autorcc /home/jaggernaute/CLionProjects/powa_bonk/build/test/CMakeFiles/sql_tests_autogen.dir/AutoRcc_resources_7BV4YJK25R_Info.json Debug
[8/21] /usr/bin/c++ -DQT_CORE_LIB -DQT_TESTCASE_BUILDDIR=\"/home/jaggernaute/CLionProjects/powa_bonk/build/test\" -DQT_TESTCASE_SOURCEDIR=\"/home/jaggernaute/CLionProjects/powa_bonk/test\" -DQT_TESTLIB_LIB -I/home/jaggernaute/CLionProjects/powa_bonk/build/test -I/home/jaggernaute/CLionProjects/powa_bonk/test -I/home/jaggernaute/CLionProjects/powa_bonk/build/test/connection_tests_autogen/include -isystem /usr/include/qt6/QtTest -isystem /usr/include/qt6 -isystem /usr/include/qt6/QtCore -isystem /usr/lib/qt6/mkspecs/linux-g++ -g -fPIC -std=gnu++23 -MD -MT test/CMakeFiles/connection_tests.dir/connection_tests_autogen/7BV4YJK25R/qrc_resources.cpp.o -MF test/CMakeFiles/connection_tests.dir/connection_tests_autogen/7BV4YJK25R/qrc_resources.cpp.o.d -o test/CMakeFiles/connection_tests.dir/connection_tests_autogen/7BV4YJK25R/qrc_resources.cpp.o -c /home/jaggernaute/CLionProjects/powa_bonk/build/test/connection_tests_autogen/7BV4YJK25R/qrc_resources.cpp
[9/21] /usr/bin/c++ -DQT_CORE_LIB -DQT_GUI_LIB -DQT_SQL_LIB -DQT_TESTCASE_BUILDDIR=\"/home/jaggernaute/CLionProjects/powa_bonk/build\" -DQT_TESTCASE_SOURCEDIR=\"/home/jaggernaute/CLionProjects/powa_bonk\" -DQT_TESTLIB_LIB -DQT_WIDGETS_LIB -I/home/jaggernaute/CLionProjects/powa_bonk/build/powa_bonk_autogen/include -isystem /usr/include/qt6/QtCore -isystem /usr/include/qt6 -isystem /usr/lib/qt6/mkspecs/linux-g++ -isystem /usr/include/qt6/QtGui -isystem /usr/include/qt6/QtSql -isystem /usr/include/qt6/QtTest -isystem /usr/include/qt6/QtWidgets -g -fPIC -std=gnu++23 -MD -MT CMakeFiles/powa_bonk.dir/powa_bonk_autogen/3YJK5W5UP7/qrc_resources.cpp.o -MF CMakeFiles/powa_bonk.dir/powa_bonk_autogen/3YJK5W5UP7/qrc_resources.cpp.o.d -o CMakeFiles/powa_bonk.dir/powa_bonk_autogen/3YJK5W5UP7/qrc_resources.cpp.o -c /home/jaggernaute/CLionProjects/powa_bonk/build/powa_bonk_autogen/3YJK5W5UP7/qrc_resources.cpp
[10/21] /usr/bin/c++ -DQT_CORE_LIB -DQT_TESTCASE_BUILDDIR=\"/home/jaggernaute/CLionProjects/powa_bonk/build/test\" -DQT_TESTCASE_SOURCEDIR=\"/home/jaggernaute/CLionProjects/powa_bonk/test\" -DQT_TESTLIB_LIB -I/home/jaggernaute/CLionProjects/powa_bonk/build/test -I/home/jaggernaute/CLionProjects/powa_bonk/test -I/home/jaggernaute/CLionProjects/powa_bonk/build/test/connection_tests_autogen/include -isystem /usr/include/qt6/QtTest -isystem /usr/include/qt6 -isystem /usr/include/qt6/QtCore -isystem /usr/lib/qt6/mkspecs/linux-g++ -g -fPIC -std=gnu++23 -MD -MT test/CMakeFiles/connection_tests.dir/connection_tests_autogen/mocs_compilation.cpp.o -MF test/CMakeFiles/connection_tests.dir/connection_tests_autogen/mocs_compilation.cpp.o.d -o test/CMakeFiles/connection_tests.dir/connection_tests_autogen/mocs_compilation.cpp.o -c /home/jaggernaute/CLionProjects/powa_bonk/build/test/connection_tests_autogen/mocs_compilation.cpp
[11/21] /usr/bin/c++ -DQT_CORE_LIB -DQT_TESTCASE_BUILDDIR=\"/home/jaggernaute/CLionProjects/powa_bonk/build/test\" -DQT_TESTCASE_SOURCEDIR=\"/home/jaggernaute/CLionProjects/powa_bonk/test\" -DQT_TESTLIB_LIB -I/home/jaggernaute/CLionProjects/powa_bonk/build/test -I/home/jaggernaute/CLionProjects/powa_bonk/test -I/home/jaggernaute/CLionProjects/powa_bonk/build/test/sql_tests_autogen/include -isystem /usr/include/qt6/QtTest -isystem /usr/include/qt6 -isystem /usr/include/qt6/QtCore -isystem /usr/lib/qt6/mkspecs/linux-g++ -g -fPIC -std=gnu++23 -MD -MT test/CMakeFiles/sql_tests.dir/sql_tests_autogen/7BV4YJK25R/qrc_resources.cpp.o -MF test/CMakeFiles/sql_tests.dir/sql_tests_autogen/7BV4YJK25R/qrc_resources.cpp.o.d -o test/CMakeFiles/sql_tests.dir/sql_tests_autogen/7BV4YJK25R/qrc_resources.cpp.o -c /home/jaggernaute/CLionProjects/powa_bonk/build/test/sql_tests_autogen/7BV4YJK25R/qrc_resources.cpp
[12/21] : && /usr/bin/c++ -g  test/CMakeFiles/connection_tests.dir/connection_tests_autogen/mocs_compilation.cpp.o test/CMakeFiles/connection_tests.dir/connection_tests_autogen/7BV4YJK25R/qrc_resources.cpp.o -o test/connection_tests  /usr/lib/libQt6Test.so.6.4.0  /usr/lib/libQt6Core.so.6.4.0 && :
[13/21] cd /home/jaggernaute/CLionProjects/powa_bonk/build/test && /usr/bin/cmake -E cmake_autorcc /home/jaggernaute/CLionProjects/powa_bonk/build/test/CMakeFiles/hash_tests_autogen.dir/AutoRcc_resources_7BV4YJK25R_Info.json Debug
[14/21] /usr/bin/c++ -DQT_CORE_LIB -DQT_GUI_LIB -DQT_SQL_LIB -DQT_TESTCASE_BUILDDIR=\"/home/jaggernaute/CLionProjects/powa_bonk/build\" -DQT_TESTCASE_SOURCEDIR=\"/home/jaggernaute/CLionProjects/powa_bonk\" -DQT_TESTLIB_LIB -DQT_WIDGETS_LIB -I/home/jaggernaute/CLionProjects/powa_bonk/build/powa_bonk_autogen/include -isystem /usr/include/qt6/QtCore -isystem /usr/include/qt6 -isystem /usr/lib/qt6/mkspecs/linux-g++ -isystem /usr/include/qt6/QtGui -isystem /usr/include/qt6/QtSql -isystem /usr/include/qt6/QtTest -isystem /usr/include/qt6/QtWidgets -g -fPIC -std=gnu++23 -MD -MT CMakeFiles/powa_bonk.dir/powa_bonk_autogen/mocs_compilation.cpp.o -MF CMakeFiles/powa_bonk.dir/powa_bonk_autogen/mocs_compilation.cpp.o.d -o CMakeFiles/powa_bonk.dir/powa_bonk_autogen/mocs_compilation.cpp.o -c /home/jaggernaute/CLionProjects/powa_bonk/build/powa_bonk_autogen/mocs_compilation.cpp
[15/21] /usr/bin/c++ -DQT_CORE_LIB -DQT_TESTCASE_BUILDDIR=\"/home/jaggernaute/CLionProjects/powa_bonk/build/test\" -DQT_TESTCASE_SOURCEDIR=\"/home/jaggernaute/CLionProjects/powa_bonk/test\" -DQT_TESTLIB_LIB -I/home/jaggernaute/CLionProjects/powa_bonk/build/test -I/home/jaggernaute/CLionProjects/powa_bonk/test -I/home/jaggernaute/CLionProjects/powa_bonk/build/test/hash_tests_autogen/include -isystem /usr/include/qt6/QtTest -isystem /usr/include/qt6 -isystem /usr/include/qt6/QtCore -isystem /usr/lib/qt6/mkspecs/linux-g++ -g -fPIC -std=gnu++23 -MD -MT test/CMakeFiles/hash_tests.dir/hash_tests_autogen/7BV4YJK25R/qrc_resources.cpp.o -MF test/CMakeFiles/hash_tests.dir/hash_tests_autogen/7BV4YJK25R/qrc_resources.cpp.o.d -o test/CMakeFiles/hash_tests.dir/hash_tests_autogen/7BV4YJK25R/qrc_resources.cpp.o -c /home/jaggernaute/CLionProjects/powa_bonk/build/test/hash_tests_autogen/7BV4YJK25R/qrc_resources.cpp
[16/21] /usr/bin/c++ -DQT_CORE_LIB -DQT_TESTCASE_BUILDDIR=\"/home/jaggernaute/CLionProjects/powa_bonk/build/test\" -DQT_TESTCASE_SOURCEDIR=\"/home/jaggernaute/CLionProjects/powa_bonk/test\" -DQT_TESTLIB_LIB -I/home/jaggernaute/CLionProjects/powa_bonk/build/test -I/home/jaggernaute/CLionProjects/powa_bonk/test -I/home/jaggernaute/CLionProjects/powa_bonk/build/test/sql_tests_autogen/include -isystem /usr/include/qt6/QtTest -isystem /usr/include/qt6 -isystem /usr/include/qt6/QtCore -isystem /usr/lib/qt6/mkspecs/linux-g++ -g -fPIC -std=gnu++23 -MD -MT test/CMakeFiles/sql_tests.dir/sql_tests_autogen/mocs_compilation.cpp.o -MF test/CMakeFiles/sql_tests.dir/sql_tests_autogen/mocs_compilation.cpp.o.d -o test/CMakeFiles/sql_tests.dir/sql_tests_autogen/mocs_compilation.cpp.o -c /home/jaggernaute/CLionProjects/powa_bonk/build/test/sql_tests_autogen/mocs_compilation.cpp
[17/21] : && /usr/bin/c++ -g  test/CMakeFiles/sql_tests.dir/sql_tests_autogen/mocs_compilation.cpp.o test/CMakeFiles/sql_tests.dir/sql_tests_autogen/7BV4YJK25R/qrc_resources.cpp.o -o test/sql_tests  /usr/lib/libQt6Test.so.6.4.0  /usr/lib/libQt6Core.so.6.4.0 && :
[18/21] /usr/bin/c++ -DQT_CORE_LIB -DQT_GUI_LIB -DQT_SQL_LIB -DQT_TESTCASE_BUILDDIR=\"/home/jaggernaute/CLionProjects/powa_bonk/build\" -DQT_TESTCASE_SOURCEDIR=\"/home/jaggernaute/CLionProjects/powa_bonk\" -DQT_TESTLIB_LIB -DQT_WIDGETS_LIB -I/home/jaggernaute/CLionProjects/powa_bonk/build/powa_bonk_autogen/include -isystem /usr/include/qt6/QtCore -isystem /usr/include/qt6 -isystem /usr/lib/qt6/mkspecs/linux-g++ -isystem /usr/include/qt6/QtGui -isystem /usr/include/qt6/QtSql -isystem /usr/include/qt6/QtTest -isystem /usr/include/qt6/QtWidgets -g -fPIC -std=gnu++23 -MD -MT CMakeFiles/powa_bonk.dir/main.cpp.o -MF CMakeFiles/powa_bonk.dir/main.cpp.o.d -o CMakeFiles/powa_bonk.dir/main.cpp.o -c /home/jaggernaute/CLionProjects/powa_bonk/main.cpp
[19/21] : && /usr/bin/c++ -g  CMakeFiles/powa_bonk.dir/powa_bonk_autogen/mocs_compilation.cpp.o CMakeFiles/powa_bonk.dir/main.cpp.o CMakeFiles/powa_bonk.dir/powa_bonk_autogen/3YJK5W5UP7/qrc_resources.cpp.o -o powa_bonk  /usr/lib/libQt6Sql.so.6.4.0  /usr/lib/libQt6Test.so.6.4.0  /usr/lib/libQt6Widgets.so.6.4.0  /usr/lib/libQt6Gui.so.6.4.0  /usr/lib/libQt6Core.so.6.4.0  /usr/lib/libGLX.so  /usr/lib/libOpenGL.so && :
[20/21] /usr/bin/c++ -DQT_CORE_LIB -DQT_TESTCASE_BUILDDIR=\"/home/jaggernaute/CLionProjects/powa_bonk/build/test\" -DQT_TESTCASE_SOURCEDIR=\"/home/jaggernaute/CLionProjects/powa_bonk/test\" -DQT_TESTLIB_LIB -I/home/jaggernaute/CLionProjects/powa_bonk/build/test -I/home/jaggernaute/CLionProjects/powa_bonk/test -I/home/jaggernaute/CLionProjects/powa_bonk/build/test/hash_tests_autogen/include -isystem /usr/include/qt6/QtTest -isystem /usr/include/qt6 -isystem /usr/include/qt6/QtCore -isystem /usr/lib/qt6/mkspecs/linux-g++ -g -fPIC -std=gnu++23 -MD -MT test/CMakeFiles/hash_tests.dir/hash_tests_autogen/mocs_compilation.cpp.o -MF test/CMakeFiles/hash_tests.dir/hash_tests_autogen/mocs_compilation.cpp.o.d -o test/CMakeFiles/hash_tests.dir/hash_tests_autogen/mocs_compilation.cpp.o -c /home/jaggernaute/CLionProjects/powa_bonk/build/test/hash_tests_autogen/mocs_compilation.cpp
[21/21] : && /usr/bin/c++ -g  test/CMakeFiles/hash_tests.dir/hash_tests_autogen/mocs_compilation.cpp.o test/CMakeFiles/hash_tests.dir/hash_tests_autogen/7BV4YJK25R/qrc_resources.cpp.o -o test/hash_tests  /usr/lib/libQt6Test.so.6.4.0  /usr/lib/libQt6Core.so.6.4.0 && :
